// Jest Snapshot v1, https://goo.gl/fbAQLP

exports[`Testing SearchScreen should show default values 1`] = `
<div>
  <h1>
    Search
  </h1>
  <hr />
  <div
    class="row"
  >
    <div
      class="col-5"
    >
      <h4>
        Searching
      </h4>
      <hr />
      <form
        role="form"
      >
        <input
          autocomplete="off"
          class="form-control"
          name="searchText"
          placeholder="Search hero"
          type="text"
          value=""
        />
        <button
          class="btn btn-outline-primary mt-1"
          type="submit"
        >
          Search...
        </button>
      </form>
    </div>
    <div
      class="col-7"
    >
      <h4>
        Results
      </h4>
      <hr />
      <div
        class="alert alert-info animate__animated animate__fadeIn"
      >
        Search an hero
      </div>
    </div>
  </div>
</div>
`;
